// Jest Snapshot v1, https://goo.gl/fbAQLP

exports[`Card component component matches snapshot 1`] = `
<styled.a
  href="/"
>
  <styled.h3>
    Tip
  </styled.h3>
  <styled.p>
    Some text
  </styled.p>
  <styled.div>
    <CardArrow />
  </styled.div>
</styled.a>
`;
