// Jest Snapshot v1, https://goo.gl/fbAQLP

exports[`svgs ApiRef 1`] = `
<svg
  fill="none"
  height="16"
  width="16"
  xmlns="http://www.w3.org/2000/svg"
>
  <path
    d="M4 1h8V0H4v1zm8 14h-.1-.2-.1-.1-.2-.2-.1-.5-.1-.1-.2-.2-.2-.1-.2-.1-.1-.4-.1-.1-.1-.1-.1-.1H8h-.5-.1-.1-.1-.1H6.8h-.1-.1-.1-.1H6 6h-.1-.1-.1-.1-.1-.1-.1-.1H5 5h-.1-.1-.1-.2-.1-.1H4 4v1H12v-1zm0 1a2 2 0 002-2h-1c0 .6-.4 1-1 1v1zm0-15c.6 0 1 .4 1 1h1a2 2 0 00-2-2v1zM4 0a2 2 0 00-2 2h1c0-.6.4-1 1-1V0zm0 15a1 1 0 01-1-1H2c0 1.1.9 2 2 2v-1z"
    fill="#0C1142"
  />
  <path
    d="M3.5 5.5L1 8l2.5 2.5M12.5 10.5L15 8l-2.5-2.5M10.5 3.5l-5 9"
    stroke="#0C1142"
    strokeLinecap="round"
  />
</svg>
`;

exports[`svgs ArrowRight 1`] = `
<svg
  fill="none"
  height="16"
  viewBox="0 0 16 16"
  width="16"
  xmlns="http://www.w3.org/2000/svg"
>
  <path
    d="M2 7.50615L13.5 7.50615M13.5 7.50615L8.99385 12.0123M13.5 7.50615L8.99385 3"
    stroke="#0C1142"
    strokeWidthidth="1"
  />
</svg>
`;

exports[`svgs CardArrow 1`] = `
<svg
  fill="none"
  height="24"
  viewBox="0 0 30 24"
  width="30"
  xmlns="http://www.w3.org/2000/svg"
>
  <path
    d="M0 11.7654L28.75 11.7654M28.75 11.7654L17.4846 23.0307M28.75 11.7654L17.4846 0.5"
    stroke="#0C1142"
  />
</svg>
`;

exports[`svgs CheckoutLogo 1`] = `
<svg
  fill="none"
  height="24"
  width="240"
  xmlns="http://www.w3.org/2000/svg"
>
  <g
    clip-path="url(#clip0)"
  >
    <path
      d="M135.522 18.814c1.003 0 1.816-.827 1.816-1.847s-.813-1.848-1.816-1.848c-1.002 0-1.815.828-1.815 1.848s.813 1.847 1.815 1.847zM31.098 18.328c-.812-.34-1.529-.826-2.054-1.459-.573-.631-1.003-1.36-1.338-2.187-.334-.827-.477-1.75-.477-2.723 0-.972.143-1.896.43-2.722.286-.827.716-1.604 1.29-2.188a5.954 5.954 0 012.005-1.458 6.746 6.746 0 012.676-.535c.86 0 1.576.097 2.245.34a6.925 6.925 0 011.767.973c.526.388.908.923 1.194 1.507.335.583.526 1.264.622 1.944h-3.344a2.475 2.475 0 00-.812-1.458c-.43-.39-.956-.584-1.577-.584-1.05 0-1.815.39-2.34 1.119-.526.729-.765 1.75-.765 3.014 0 1.264.239 2.236.764 3.014.478.778 1.29 1.118 2.341 1.118.717 0 1.29-.194 1.72-.535.43-.389.716-.923.86-1.701h3.344a5.384 5.384 0 01-1.72 3.549 5.41 5.41 0 01-1.768 1.07 7.17 7.17 0 01-2.34.388 6.194 6.194 0 01-2.723-.486zM44.999 7.05c.477-.681 1.003-1.216 1.576-1.557.573-.34 1.29-.534 2.198-.534.668 0 1.29.146 1.815.389a4.133 4.133 0 011.385 1.02c.382.438.669.973.908 1.556.239.584.334 1.264.334 1.993v8.557h-3.44v-8.07c0-.73-.19-1.313-.572-1.75-.383-.438-.956-.681-1.672-.681-.765 0-1.386.292-1.863.826-.478.535-.765 1.264-.765 2.188v7.487h-3.44V.146h3.44v6.903H45zM58.852 18.328a5.875 5.875 0 01-2.102-1.459 6.074 6.074 0 01-1.29-2.236 8.544 8.544 0 01-.43-2.722c0-.973.144-1.896.478-2.723a8.209 8.209 0 011.29-2.187 5.953 5.953 0 012.006-1.459 6.281 6.281 0 012.58-.535c1.05 0 1.958.195 2.722.584.813.389 1.434.923 2.007 1.604.525.68.955 1.556 1.242 2.48.286.972.43 2.041.43 3.208h-9.363c.143 1.021.478 1.847 1.003 2.43.526.584 1.29.876 2.293.876.669 0 1.194-.146 1.624-.438.382-.291.717-.68.86-1.166h3.392c-.096.583-.335 1.118-.621 1.652a5.4 5.4 0 01-1.195 1.362 5.128 5.128 0 01-1.767.924c-.669.242-1.433.34-2.245.34a7.8 7.8 0 01-2.914-.535zm.525-9.918c-.477.487-.764 1.216-.955 2.042h5.732c-.047-.826-.334-1.507-.812-2.042-.477-.534-1.146-.777-1.91-.777-.908.048-1.577.291-2.055.777zM72.896 18.328c-.812-.34-1.528-.826-2.054-1.459-.573-.631-1.003-1.36-1.337-2.187-.335-.827-.478-1.75-.478-2.723 0-.972.143-1.896.43-2.722.286-.827.716-1.604 1.29-2.188a5.953 5.953 0 012.006-1.458 6.746 6.746 0 012.675-.535c.86 0 1.576.097 2.245.34a6.924 6.924 0 011.768.973c.525.388.907.923 1.194 1.507.334.583.525 1.264.62 1.944h-3.343a2.474 2.474 0 00-.812-1.458c-.43-.39-.956-.584-1.576-.584-1.051 0-1.816.39-2.341 1.119-.526.729-.765 1.75-.765 3.014 0 1.264.24 2.236.765 3.014.477.778 1.29 1.118 2.34 1.118.717 0 1.29-.194 1.72-.535.43-.389.717-.923.86-1.701H81.4a5.386 5.386 0 01-1.72 3.549 5.41 5.41 0 01-1.767 1.07 7.17 7.17 0 01-2.34.388 6.109 6.109 0 01-2.676-.486zM86.702 14.05v4.424H83.31V.146h3.392v10.16l4.586-4.958h4.108l-4.777 5.007 5.35 8.119h-4.156l-3.63-5.98-1.481 1.556zM99.743 18.328a6.517 6.517 0 01-2.15-1.459 7.365 7.365 0 01-1.385-2.187c-.335-.827-.478-1.75-.478-2.723 0-.972.143-1.896.478-2.722.334-.827.812-1.604 1.385-2.188.573-.632 1.29-1.118 2.15-1.458a6.986 6.986 0 012.723-.535 6.98 6.98 0 012.722.535 6.52 6.52 0 012.15 1.458 7.36 7.36 0 011.385 2.188c.335.826.478 1.75.478 2.722 0 .973-.143 1.896-.478 2.723-.334.826-.812 1.604-1.385 2.187-.573.633-1.29 1.119-2.15 1.459a6.981 6.981 0 01-2.722.535 6.986 6.986 0 01-2.723-.535zm5.159-3.306c.573-.778.86-1.799.86-3.111 0-1.313-.287-2.334-.86-3.112s-1.386-1.215-2.436-1.215c-1.051 0-1.864.389-2.437 1.215-.573.778-.86 1.848-.86 3.112s.287 2.333.86 3.111 1.386 1.167 2.437 1.167c1.05 0 1.863-.389 2.436-1.167zM119.233 16.918h-.096a5.803 5.803 0 01-1.48 1.41c-.574.34-1.29.486-2.198.486-1.433 0-2.532-.437-3.344-1.264-.764-.875-1.146-1.993-1.146-3.452v-8.75h3.391v8.167c0 .778.191 1.361.526 1.75.334.39.907.632 1.624.632.812 0 1.433-.291 1.911-.826.478-.535.716-1.264.716-2.14V5.349h3.44v13.126h-3.296v-1.556h-.048zM125.873 5.348V1.215h3.344v4.133h2.197v2.285h-2.197v6.952c0 .486.095.826.334 1.02.239.195.526.292.956.292h.668c.096 0 .239 0 .335-.048v2.625c-.191 0-.335.049-.573.049-.192 0-.43.048-.669.048h-.908c-.43 0-.812-.049-1.242-.146a2.834 2.834 0 01-1.099-.486 2.67 2.67 0 01-.812-.972 3.564 3.564 0 01-.334-1.556V7.633h-1.768V5.348h1.768zM142.306 18.28a5.427 5.427 0 01-1.863-1.459 5.968 5.968 0 01-1.147-2.188 9.937 9.937 0 01-.382-2.77c0-1.022.143-1.897.382-2.772.287-.826.669-1.604 1.147-2.188a5.426 5.426 0 011.863-1.458c.716-.34 1.576-.535 2.532-.535 1.433 0 2.627.39 3.534 1.118.908.73 1.481 1.8 1.72 3.16h-1.528c-.192-.972-.574-1.75-1.242-2.236-.621-.486-1.434-.73-2.437-.73-.764 0-1.385.147-1.958.438-.526.292-1.003.68-1.338 1.216a5.095 5.095 0 00-.764 1.798c-.191.681-.239 1.41-.239 2.188 0 .778.096 1.507.287 2.188.191.68.43 1.264.812 1.799.334.534.812.923 1.337 1.215.526.292 1.194.438 1.911.438 1.099 0 2.006-.34 2.675-.973.669-.632 1.051-1.507 1.194-2.576h1.481c-.143 1.507-.669 2.674-1.624 3.597-.908.875-2.15 1.313-3.726 1.313-1.051-.049-1.911-.243-2.627-.584zM155.06 18.28a5.191 5.191 0 01-1.911-1.459c-.525-.632-.908-1.361-1.194-2.188-.287-.826-.43-1.75-.43-2.77 0-1.022.143-1.897.43-2.772.286-.826.669-1.604 1.194-2.188a5.19 5.19 0 011.911-1.458 6.054 6.054 0 012.532-.535c.955 0 1.767.195 2.531.535.717.34 1.386.826 1.911 1.458.526.632.908 1.362 1.194 2.188.287.827.383 1.75.383 2.771a10.2 10.2 0 01-.383 2.771c-.286.827-.668 1.605-1.194 2.188a5.175 5.175 0 01-1.911 1.458c-.716.34-1.576.535-2.531.535a6.22 6.22 0 01-2.532-.535zm4.442-1.216c.574-.292 1.004-.68 1.386-1.215a4.725 4.725 0 00.812-1.8c.191-.68.286-1.409.286-2.187 0-.778-.095-1.507-.286-2.188a6.851 6.851 0 00-.812-1.798c-.382-.535-.812-.924-1.386-1.216-.573-.291-1.194-.437-1.91-.437-.717 0-1.386.146-1.911.437a4.126 4.126 0 00-1.385 1.216 5.654 5.654 0 00-.86 1.798 8.066 8.066 0 00-.287 2.188c0 .778.096 1.507.287 2.188.191.68.477 1.264.86 1.799.382.534.859.923 1.385 1.215.525.292 1.194.438 1.911.438.716 0 1.385-.146 1.91-.438zM167.384 5.202v1.993h.048c.43-.68.956-1.215 1.577-1.653.621-.437 1.433-.632 2.388-.632.812 0 1.529.195 2.15.584.621.389 1.051 1.02 1.337 1.798h.048a4.747 4.747 0 011.72-1.798c.716-.438 1.528-.632 2.436-.632.573 0 1.051.097 1.529.291.477.195.907.438 1.242.778.334.34.621.778.812 1.313.191.535.286 1.118.286 1.75v9.48h-1.528V9.188c0-.972-.239-1.701-.765-2.187-.525-.487-1.194-.681-1.958-.681-.478 0-.956.097-1.338.243-.43.195-.812.438-1.098.73-.287.291-.574.729-.765 1.166a4.095 4.095 0 00-.286 1.556v8.459h-1.577V9.188c0-.972-.239-1.701-.764-2.187-.478-.487-1.099-.681-1.863-.681a3.16 3.16 0 00-1.338.292 4.604 4.604 0 00-1.194.778c-.334.34-.621.729-.812 1.215-.191.438-.287.972-.287 1.507v8.362h-1.576V5.202h1.576zM14.332 11.96l6.114-10.89a.672.672 0 000-.73c-.143-.194-.382-.34-.62-.34H7.213c-.239 0-.478.146-.621.34L.096 11.57c-.143.244-.143.535 0 .73l6.497 11.23c.143.243.382.34.62.34h12.612c.239 0 .478-.146.621-.34a.672.672 0 000-.73l-6.114-10.84zm-.813-1.459L8.457 1.458H18.63l-5.111 9.043zM7.167 2.188l5.494 9.771-5.494 9.772L1.53 11.96l5.637-9.771zm1.29 20.224l5.064-9.043 5.063 9.043H8.456z"
      fill="#fff"
    />
    <rect
      fill="#fff"
      height="20"
      rx="2"
      width="46"
      x="194"
      y="2"
    />
    <path
      d="M199.924 16h2.796c3.012 0 4.512-1.716 4.512-4.284v-.096c0-2.568-1.488-4.2-4.5-4.2h-2.808V16zm1.944-1.512V8.932h.768c1.812 0 2.568.948 2.568 2.712v.096c0 1.776-.816 2.748-2.544 2.748h-.792zm10.723 1.644c2.676 0 4.428-1.86 4.428-4.416v-.096c0-2.58-1.836-4.32-4.416-4.32-2.544 0-4.416 1.812-4.416 4.368v.096c0 2.508 1.716 4.368 4.404 4.368zm.036-1.548c-1.404 0-2.412-1.08-2.412-2.832v-.096c0-1.728.9-2.82 2.388-2.82 1.5 0 2.388 1.14 2.388 2.808v.096c0 1.728-.912 2.844-2.364 2.844zm9.665 1.548c2.112 0 3.636-1.092 3.852-3.216h-1.908c-.156 1.104-.9 1.644-1.968 1.644-1.416 0-2.232-1.032-2.232-2.808v-.096c0-1.776.864-2.832 2.22-2.832 1.08 0 1.656.552 1.8 1.584h1.992c-.204-2.112-1.74-3.12-3.804-3.12-2.436 0-4.26 1.776-4.26 4.38v.096c0 2.64 1.5 4.368 4.308 4.368zm8.112 0c2.028 0 3.276-1.212 3.276-2.736 0-1.776-1.068-2.34-3.144-2.604-1.32-.192-1.596-.48-1.596-1.092 0-.576.432-.972 1.284-.972.852 0 1.308.36 1.428 1.14h1.788c-.156-1.704-1.284-2.568-3.216-2.568-1.896 0-3.12 1.092-3.12 2.556 0 1.656.9 2.316 3.096 2.604 1.26.192 1.62.432 1.62 1.116 0 .672-.564 1.14-1.416 1.14-1.272 0-1.596-.636-1.68-1.404h-1.86c.108 1.716 1.188 2.82 3.54 2.82z"
      fill="#0C1142"
    />
  </g>
  <defs>
    <clipPath
      id="clip0"
    >
      <path
        d="M0 0h240v24H0z"
        fill="#fff"
      />
    </clipPath>
  </defs>
</svg>
`;

exports[`svgs CheckoutLogoIcon 1`] = `
<svg
  fill="none"
  height="28"
  viewBox="0 0 25 28"
  width="25"
  xmlns="http://www.w3.org/2000/svg"
>
  <path
    d="M17.6895 14.0285L24.8618 1.25458C25.0299 0.96945 25.0299 0.684318 24.8618 0.399185C24.6937 0.171079 24.4136 0 24.1334 0H9.34039C9.06022 0 8.78005 0.171079 8.61195 0.399185L0.991311 13.5723C0.823209 13.8574 0.823209 14.1996 0.991311 14.4277L8.61195 27.6008C8.78005 27.8859 9.06022 28 9.34039 28H24.1334C24.4136 28 24.6937 27.8289 24.8618 27.6008C25.0299 27.3157 25.0299 27.0306 24.8618 26.7454L17.6895 14.0285ZM16.7369 12.3177L10.7973 1.71079H22.7325L16.7369 12.3177ZM9.28436 2.56619L15.7283 14.0285L9.28436 25.4908L2.67233 14.0285L9.28436 2.56619ZM10.7973 26.2892L16.7369 15.6823L22.6765 26.2892H10.7973Z"
    fill="#0C1142"
  />
</svg>
`;

exports[`svgs Chevron 1`] = `
<svg
  fill="none"
  height="8"
  viewBox="0 0 14 8"
  width="14"
  xmlns="http://www.w3.org/2000/svg"
>
  <path
    d="M1.00195 1L7 7L12.998 1"
    stroke="#6D708E"
  />
</svg>
`;

exports[`svgs FAQ 1`] = `
<svg
  fill="none"
  height="16"
  width="16"
  xmlns="http://www.w3.org/2000/svg"
>
  <path
    d="M11.5 16a.5.5 0 000-1v1zM11 4.5a.5.5 0 001 0h-1zm-10 9v-11H0v11h1zM2.5 1h7V0h-7v1zm9 14.5V15h-9v1H11.5v-.5zm-.5-13v2h1v-2h-1zM3 4h6V3H3v1zm0 3h3V6H3v1zm0 3h2V9H3v1zm0 3h2v-1H3v1zM9.5 1c.8 0 1.5.7 1.5 1.5h1C12 1.1 10.9 0 9.5 0v1zM1 2.5C1 1.7 1.7 1 2.5 1V0A2.5 2.5 0 000 2.5h1zm-1 11C0 14.9 1.1 16 2.5 16v-1c-.8 0-1.5-.7-1.5-1.5H0z"
    fill="#0C1142"
  />
  <path
    d="M13.5 10a3.5 3.5 0 11-7 0 3.5 3.5 0 017 0z"
    stroke="#0C1142"
  />
  <path
    d="M15 15.5L12.5 13"
    stroke="#0C1142"
    strokeLinecap="round"
  />
</svg>
`;

exports[`svgs Facebook 1`] = `
<svg
  fill="none"
  height="16"
  viewBox="0 0 16 16"
  width="16"
  xmlns="http://www.w3.org/2000/svg"
>
  <path
    d="M6 5.33333H4V8H6V16H9.33333V8H11.76L12 5.33333H9.33333V4.22667C9.33333 3.58667 9.46667 3.33333 10.08 3.33333H12V0H9.46667C7.06667 0 6 1.05333 6 3.08V5.33333Z"
    fill="#1F3347"
  />
</svg>
`;

exports[`svgs Glassdoor 1`] = `
<svg
  fill="none"
  height="16"
  viewBox="0 0 16 16"
  width="16"
  xmlns="http://www.w3.org/2000/svg"
>
  <path
    clipRule="evenodd"
    d="M11.5948 0C12.9198 0 13.9956 0.7375 13.9956 2H4V12C3.33333 12 2.66667 12 2 12V2.2875C2 1.025 3.0758 0 4.40087 0H11.5948ZM11.5948 14H2C2 15.2625 3.0758 16 4.40087 16H11.5991C12.9242 16 14 15.2625 14 14V4C14 4 12.5 4 12 4V14H11.5948Z"
    fill="#00122C"
    fillRule="evenodd"
  />
</svg>
`;

exports[`svgs InformationIcon 1`] = `
<svg
  fill="none"
  height="24"
  viewBox="0 0 24 24"
  width="24"
  xmlns="http://www.w3.org/2000/svg"
>
  <path
    clipRule="evenodd"
    d="M11.4958 6.0611C11.7998 5.9331 12.1518 6.0131 12.3598 6.23709C12.4398 6.3011 12.5038 6.39709 12.5358 6.4931C12.5838 6.5891 12.5998 6.68509 12.5998 6.7971C12.5998 6.8931 12.5838 7.00509 12.5358 7.1011C12.5038 7.1971 12.4398 7.29309 12.3598 7.3571C12.2158 7.5171 12.0078 7.5971 11.7998 7.5971C11.6878 7.5971 11.5918 7.58109 11.4958 7.5331C11.3998 7.50109 11.3038 7.4371 11.2398 7.3571C11.1598 7.29309 11.0958 7.1971 11.0638 7.1011C11.0158 7.00509 10.9998 6.8931 10.9998 6.7971C10.9998 6.68509 11.0158 6.5891 11.0638 6.4931C11.0958 6.39709 11.1598 6.3011 11.2398 6.23709C11.3038 6.15709 11.3998 6.0931 11.4958 6.0611ZM10.9996 9.9973C10.9996 9.5557 11.358 9.1973 11.7996 9.1973C12.2412 9.1973 12.5996 9.5557 12.5996 9.9973V16.3973C12.5996 16.8389 12.2412 17.1973 11.7996 17.1973C11.358 17.1973 10.9996 16.8389 10.9996 16.3973V9.9973ZM12 23C5.93477 23 1 18.0652 1 12C1 5.93477 5.93477 1 12 1C18.0652 1 23 5.93477 23 12C23 18.0652 18.0652 23 12 23ZM12 0C5.3824 0 0 5.3824 0 12C0 18.6176 5.3824 24 12 24C18.6176 24 24 18.6176 24 12C24 5.3824 18.6176 0 12 0Z"
    fill="#0C1142"
    fillRule="evenodd"
  />
</svg>
`;

exports[`svgs Instagram 1`] = `
<svg
  fill="none"
  height="17"
  viewBox="0 0 16 17"
  width="16"
  xmlns="http://www.w3.org/2000/svg"
>
  <g
    clipPath="url(#clip0)"
  >
    <path
      d="M7.99992 10.6685C7.4725 10.6685 6.95693 10.5121 6.5184 10.2191C6.07987 9.92611 5.73807 9.50963 5.53624 9.02236C5.33441 8.53509 5.2816 7.99892 5.38449 7.48163C5.48739 6.96435 5.74136 6.48919 6.1143 6.11625C6.48724 5.74331 6.9624 5.48934 7.47968 5.38645C7.99696 5.28355 8.53314 5.33636 9.02041 5.53819C9.50768 5.74003 9.92416 6.08182 10.2172 6.52035C10.5102 6.95888 10.6666 7.47446 10.6666 8.00187C10.6666 8.70912 10.3856 9.38739 9.88554 9.88749C9.38544 10.3876 8.70716 10.6685 7.99992 10.6685Z"
      fill="#1F3347"
    />
    <path
      d="M16 4.70859C16.0432 4.08051 15.9515 3.45045 15.7311 2.86071C15.5107 2.27098 15.1667 1.73523 14.7222 1.28942C14.2776 0.843621 13.7428 0.498086 13.1537 0.27602C12.5646 0.0539543 11.9348 -0.0395026 11.3066 0.0019244C10.44 0.0019244 10.1733 0.0019244 7.99997 0.0019244C5.82664 0.0019244 5.55997 0.0019244 4.70664 0.0019244C4.07736 -0.0414966 3.44608 0.0504797 2.85535 0.271655C2.26462 0.49283 1.72816 0.838064 1.28214 1.28409C0.836111 1.73012 0.490877 2.26657 0.269702 2.8573C0.0485266 3.44803 -0.0434498 4.07931 -2.87201e-05 4.70859C-2.87201e-05 5.56192 -2.87201e-05 5.82859 -2.87201e-05 8.00192C-2.87201e-05 10.1753 -2.87201e-05 10.4419 -2.87201e-05 11.2953C-0.0412336 11.924 0.0522688 12.5543 0.274227 13.144C0.496185 13.7338 0.841484 14.2693 1.28704 14.7149C1.73259 15.1604 2.26813 15.5057 2.85785 15.7277C3.44757 15.9496 4.07788 16.0431 4.70664 16.0019C5.55997 16.0019 5.82664 16.0019 7.99997 16.0019C10.1733 16.0019 10.44 16.0019 11.2933 16.0019C11.9226 16.0453 12.5539 15.9534 13.1446 15.7322C13.7353 15.511 14.2718 15.1658 14.7178 14.7198C15.1638 14.2737 15.5091 13.7373 15.7302 13.1465C15.9514 12.5558 16.0434 11.9245 16 11.2953C16 10.4419 16 10.1753 16 8.00192C16 5.82859 16 5.56192 16 4.70859ZM7.99997 12.1086C7.18775 12.1086 6.39377 11.8677 5.71843 11.4165C5.04309 10.9652 4.51673 10.3239 4.20591 9.57348C3.89508 8.82308 3.81376 7.99737 3.97221 7.20075C4.13067 6.40414 4.52179 5.6724 5.09612 5.09807C5.67045 4.52375 6.40219 4.13262 7.1988 3.97417C7.99542 3.81571 8.82113 3.89704 9.57153 4.20786C10.3219 4.51868 10.9633 5.04504 11.4145 5.72038C11.8658 6.39572 12.1066 7.1897 12.1066 8.00192C12.1066 9.09108 11.674 10.1356 10.9038 10.9058C10.1337 11.6759 9.08913 12.1086 7.99997 12.1086ZM13.3333 4.00192H12V2.66859H13.3333V4.00192Z"
      fill="#1F3347"
    />
  </g>
  <defs>
    <clipPath
      id="clip0"
    >
      <rect
        fill="white"
        height="16"
        transform="translate(0 0.00195312)"
        width="16"
      />
    </clipPath>
  </defs>
</svg>
`;

exports[`svgs LinkedIn 1`] = `
<svg
  fill="none"
  height="17"
  viewBox="0 0 16 17"
  width="16"
  xmlns="http://www.w3.org/2000/svg"
>
  <g
    clipPath="url(#clip0)"
  >
    <path
      d="M3.32024 1.73529C3.33101 2.18571 3.16324 2.62212 2.85351 2.94933C2.54379 3.27654 2.11724 3.468 1.6669 3.48195C1.44276 3.47676 1.22184 3.42746 1.01676 3.33686C0.811678 3.24626 0.626458 3.11614 0.471682 2.95393C0.316905 2.79173 0.195606 2.60061 0.114713 2.39151C0.0338208 2.18241 -0.00507935 1.95942 0.000235494 1.73529C-0.00507198 1.5118 0.0339257 1.28947 0.114979 1.08113C0.196032 0.872792 0.317536 0.682563 0.472481 0.52142C0.627426 0.360277 0.812745 0.231409 1.01775 0.142251C1.22275 0.0530937 1.44338 0.0054106 1.6669 0.00195312C1.88929 0.00714437 2.10848 0.0561035 2.31194 0.146033C2.51541 0.235963 2.69916 0.365101 2.8527 0.526068C3.00623 0.687036 3.12655 0.876678 3.20677 1.08416C3.287 1.29164 3.32555 1.5129 3.32024 1.73529ZM3.32024 4.86862H0.000235494V16.002H3.33357L3.32024 4.86862ZM8.65357 4.86862H5.33357V16.002H8.65357V10.162C8.65357 6.90862 12.6536 6.64195 12.6536 10.162V16.002H16.0002V8.94862C16.0939 8.05305 15.8826 7.15208 15.4006 6.39149C14.9186 5.63091 14.1941 5.0552 13.3442 4.75753C12.4944 4.45986 11.569 4.45764 10.7178 4.75122C9.86651 5.04481 9.13922 5.61702 8.65357 6.37529V4.86862Z"
      fill="#1F3347"
    />
  </g>
  <defs>
    <clipPath
      id="clip0"
    >
      <rect
        fill="white"
        height="16"
        transform="translate(0 0.00195312)"
        width="16"
      />
    </clipPath>
  </defs>
</svg>
`;

exports[`svgs NoteIcon 1`] = `
<svg
  fill="none"
  height="22"
  viewBox="0 0 24 22"
  width="24"
  xmlns="http://www.w3.org/2000/svg"
>
  <path
    clipRule="evenodd"
    d="M12.1044 18.1362C11.8004 18.2642 11.4484 18.1842 11.2404 17.9602C11.1604 17.8962 11.0964 17.8002 11.0644 17.7042C11.0164 17.6082 11.0004 17.5122 11.0004 17.4002C11.0004 17.3042 11.0164 17.1922 11.0644 17.0962C11.0964 17.0002 11.1604 16.9042 11.2404 16.8402C11.3844 16.6802 11.5924 16.6002 11.8004 16.6002C11.9124 16.6002 12.0084 16.6162 12.1044 16.6642C12.2004 16.6962 12.2964 16.7602 12.3604 16.8402C12.4404 16.9042 12.5044 17.0002 12.5364 17.0962C12.5844 17.1922 12.6004 17.3042 12.6004 17.4002C12.6004 17.5122 12.5844 17.6082 12.5364 17.7042C12.5044 17.8002 12.4404 17.8962 12.3604 17.9602C12.2964 18.0402 12.2004 18.1042 12.1044 18.1362ZM12.6006 14.2C12.6006 14.6416 12.2422 15 11.8006 15C11.359 15 11.0006 14.6416 11.0006 14.2L11.0006 7.8C11.0006 7.3584 11.359 7 11.8006 7C12.2422 7 12.6006 7.3584 12.6006 7.8L12.6006 14.2Z"
    fill="#0C1142"
    fillRule="evenodd"
  />
  <path
    d="M14.1651 2.75C13.2028 1.08333 10.7972 1.08333 9.83494 2.75L1.29904 17.5346C0.336788 19.2013 1.5396 21.2846 3.4641 21.2846H20.5359C22.4604 21.2846 23.6632 19.2013 22.701 17.5346L14.1651 2.75Z"
    stroke="#0C1142"
  />
</svg>
`;

exports[`svgs RSS 1`] = `
<svg
  fill="none"
  height="17"
  viewBox="0 0 16 17"
  width="16"
  xmlns="http://www.w3.org/2000/svg"
>
  <g
    clipPath="url(#clip0)"
  >
    <path
      d="M4.33348 13.842C4.33348 14.2724 4.20567 14.6931 3.96626 15.0508C3.72686 15.4085 3.38664 15.687 2.98874 15.8511C2.59084 16.0152 2.15317 16.0574 1.73123 15.9725C1.30928 15.8876 0.922059 15.6792 0.618651 15.374C0.315242 15.0687 0.109311 14.6802 0.0269644 14.2577C-0.0553823 13.8353 -0.0104362 13.3979 0.156105 13.001C0.322646 12.6041 0.603281 12.2656 0.962434 12.0284C1.32159 11.7912 1.74308 11.666 2.17348 11.6686C2.74757 11.6721 3.29695 11.9027 3.70165 12.3099C4.10635 12.7171 4.33349 13.2679 4.33348 13.842ZM0.000150784 5.45529V8.66862C1.93987 8.68936 3.79449 9.46823 5.16741 10.8386C6.54032 12.2091 7.32255 14.0623 7.34682 16.002H10.5602C10.5289 13.2122 9.40588 10.5457 7.43186 8.57419C5.45783 6.60266 2.78994 5.48301 0.000150784 5.45529ZM0.000150784 3.21529C3.38922 3.22233 6.63747 4.57176 9.03391 6.9682C11.4303 9.36464 12.7798 12.6129 12.7868 16.002H16.0002C16.0002 11.7585 14.3144 7.68883 11.3139 4.68824C8.31328 1.68766 4.24361 0.00195313 0.000150784 0.00195312V3.21529Z"
      fill="#1F3347"
    />
  </g>
  <defs>
    <clipPath
      id="clip0"
    >
      <rect
        fill="white"
        height="16"
        transform="translate(0 0.00195312)"
        width="16"
      />
    </clipPath>
  </defs>
</svg>
`;

exports[`svgs TestAccount 1`] = `
<svg
  fill="none"
  height="16"
  width="16"
  xmlns="http://www.w3.org/2000/svg"
>
  <path
    d="M15.5 7.5v5a2 2 0 01-2 2h-11a2 2 0 01-2-2"
    stroke="#00122C"
    strokeDasharray="1 2"
    strokeLinecap="round"
    strokeWidthidth="1"
  />
  <path
    d="M15.5 5.5v-2a2 2 0 00-2-2h-11a2 2 0 00-2 2v7"
    stroke="#00122C"
    strokeLinecap="round"
    strokeWidthidth="1"
  />
  <path
    d="M3 3a.5.5 0 000 1V3zm.5 1a.5.5 0 000-1v1zm2-1a.5.5 0 000 1V3zM6 4a.5.5 0 000-1v1zm2-1a.5.5 0 000 1V3zm.5 1a.5.5 0 000-1v1zM3 4h.5V3H3v1zm2.5 0H6V3h-.5v1zM8 4h.5V3H8v1z"
    fill="#00122C"
    strokeWidthidth="1"
  />
  <path
    d="M.5 5.5h15M4.5 9.5L7 12l4.5-4.5"
    stroke="#00122C"
    strokeLinecap="round"
    strokeWidthidth="1"
  />
</svg>
`;

exports[`svgs TheHub 1`] = `
<svg
  fill="none"
  height="16"
  width="16"
  xmlns="http://www.w3.org/2000/svg"
>
  <path
    d="M15.5 7.5v5a2 2 0 01-2 2h-11a2 2 0 01-2-2"
    stroke="#00122C"
    strokeDasharray="1 2"
    strokeLinecap="round"
    strokeWidthidth="1"
  />
  <path
    d="M15.5 5.5v-2a2 2 0 00-2-2h-11a2 2 0 00-2 2v7"
    stroke="#00122C"
    strokeLinecap="round"
    strokeWidthidth="1"
  />
  <path
    d="M3 3a.5.5 0 000 1V3zm.5 1a.5.5 0 000-1v1zm2-1a.5.5 0 000 1V3zM6 4a.5.5 0 000-1v1zm2-1a.5.5 0 000 1V3zm.5 1a.5.5 0 000-1v1zM3 4h.5V3H3v1zm2.5 0H6V3h-.5v1zM8 4h.5V3H8v1z"
    fill="#00122C"
    strokeWidthidth="1"
  />
  <path
    d="M.5 5.5h15M4.5 9.5L7 12l4.5-4.5"
    stroke="#00122C"
    strokeLinecap="round"
    strokeWidthidth="1"
  />
</svg>
`;

exports[`svgs TipIcon 1`] = `
<svg
  fill="none"
  height="24"
  viewBox="0 0 24 24"
  width="24"
  xmlns="http://www.w3.org/2000/svg"
>
  <rect
    height="23"
    rx="11.5"
    stroke="#0C1142"
    width="23"
    x="0.5"
    y="0.5"
  />
  <path
    d="M7 12.3077L11.2 16L18 9"
    stroke="#0C1142"
  />
</svg>
`;

exports[`svgs Twitter 1`] = `
<svg
  fill="none"
  height="17"
  viewBox="0 0 16 17"
  width="16"
  xmlns="http://www.w3.org/2000/svg"
>
  <g
    clipPath="url(#clip0)"
  >
    <path
      d="M16 2.90854C15.404 3.18052 14.7701 3.36035 14.12 3.44187C14.8089 3.01309 15.3201 2.35037 15.56 1.57521C14.9141 1.9674 14.2063 2.24694 13.4667 2.40187C13.1663 2.0661 12.7985 1.79752 12.3872 1.61371C11.9759 1.42989 11.5305 1.33499 11.08 1.33521C10.5795 1.34358 10.0873 1.46412 9.63952 1.68795C9.19178 1.91178 8.79995 2.23319 8.4929 2.62853C8.18585 3.02386 7.97139 3.48303 7.86531 3.97223C7.75924 4.46144 7.76426 4.9682 7.88 5.45521C6.56838 5.38632 5.28664 5.03779 4.12074 4.433C2.95484 3.8282 1.93172 2.98111 1.12 1.94854C0.695052 2.68599 0.56336 3.55642 0.751134 4.38658C0.938907 5.21673 1.43238 5.94575 2.13333 6.42854C1.6088 6.41795 1.09532 6.27583 0.64 6.01521C0.626872 6.79438 0.886068 7.55371 1.37288 8.16223C1.8597 8.77075 2.54361 9.19031 3.30667 9.34854C2.81623 9.46942 2.30377 9.46942 1.81333 9.34854C2.00824 10.016 2.4078 10.6054 2.95563 11.0336C3.50345 11.4618 4.1719 11.7072 4.86667 11.7352C4.18871 12.2794 3.40934 12.6834 2.57387 12.9237C1.7384 13.1641 0.863493 13.236 0 13.1352C1.49016 14.1256 3.23743 14.6586 5.02667 14.6685C6.30705 14.6601 7.57227 14.3906 8.74492 13.8765C9.91757 13.3623 10.973 12.6144 11.8466 11.6783C12.7203 10.7422 13.3938 9.6378 13.826 8.43252C14.2581 7.22724 14.4398 5.94646 14.36 4.66854C15.0105 4.18798 15.5665 3.59128 16 2.90854Z"
      fill="#1F3347"
    />
  </g>
  <defs>
    <clipPath
      id="clip0"
    >
      <rect
        fill="white"
        height="16"
        transform="translate(0 0.00195312)"
        width="16"
      />
    </clipPath>
  </defs>
</svg>
`;

exports[`svgs WarningIcon 1`] = `
<svg
  fill="none"
  height="28"
  viewBox="0 0 28 28"
  width="28"
  xmlns="http://www.w3.org/2000/svg"
>
  <path
    clipRule="evenodd"
    d="M14.6174 18.6557C14.3308 18.7763 13.9989 18.7009 13.8028 18.4897C13.7274 18.4294 13.667 18.3389 13.6369 18.2484C13.5916 18.1579 13.5765 18.0673 13.5765 17.9618C13.5765 17.8712 13.5916 17.7656 13.6369 17.6751C13.667 17.5846 13.7274 17.4941 13.8028 17.4338C13.9386 17.2829 14.1347 17.2075 14.3308 17.2075C14.4364 17.2075 14.5269 17.2226 14.6174 17.2678C14.7079 17.298 14.7984 17.3584 14.8588 17.4338C14.9342 17.4941 14.9945 17.5846 15.0247 17.6751C15.0699 17.7656 15.085 17.8712 15.085 17.9618C15.085 18.0673 15.0699 18.1579 15.0247 18.2484C14.9945 18.3389 14.9342 18.4294 14.8588 18.4897C14.7984 18.5651 14.7079 18.6255 14.6174 18.6557ZM15.0851 14.9455C15.0851 15.3618 14.7472 15.6997 14.3309 15.6997C13.9146 15.6997 13.5766 15.3618 13.5766 14.9455L13.5766 8.9115C13.5766 8.49516 13.9146 8.15725 14.3309 8.15725C14.7472 8.15725 15.0851 8.49516 15.0851 8.9115L15.0851 14.9455Z"
    fill="#0C1142"
    fillRule="evenodd"
  />
  <rect
    height="18.799"
    rx="1.5"
    stroke="#0C1142"
    transform="rotate(-45 0.707107 14)"
    width="18.799"
    x="0.707107"
    y="14"
  />
</svg>
`;

exports[`svgs YouTube 1`] = `
<svg
  fill="none"
  height="16"
  viewBox="0 0 16 16"
  width="16"
  xmlns="http://www.w3.org/2000/svg"
>
  <path
    d="M13.08 1.46667C9.69555 1.29334 6.30445 1.29334 2.92 1.46667C0.32 1.66667 0 3.4 0 8C0 12.6 0.32 14.3067 2.92 14.5067C6.3041 14.6933 9.69591 14.6933 13.08 14.5067C15.68 14.2933 16 12.56 16 8C16 3.44 15.68 1.66667 13.08 1.46667ZM5.33333 10.6667V5.33334L12 8L5.33333 10.6667Z"
    fill="#1F3347"
  />
</svg>
`;
