// Jest Snapshot v1, https://goo.gl/fbAQLP

exports[`SubFooter component component matches snapshot 1`] = `
<styled.div>
  <styled.div>
    <styled.p>
      Â© 
      2021
       Checkout.com
    </styled.p>
    <styled.div>
      <styled.a
        href="/legal/terms-and-policies"
      >
        Terms & Policies
      </styled.a>
      <styled.a
        href="/legal/privacy-policy"
      >
        Privacy policy
      </styled.a>
      <styled.a
        href="/legal/certificates"
      >
        Certificates
      </styled.a>
      <styled.a
        href="/legal/cookie-policy"
      >
        Cookie Policy
      </styled.a>
      <styled.a
        href="/legal/disclaimer"
      >
        Disclaimer
      </styled.a>
      <styled.a
        href="/static/Modern_Slavery_Statement_v03.pdf"
      >
        Modern Slavery Statement
      </styled.a>
      <styled.a
        href="/static/2019_Supplier_Code_of_Conduct.pdf"
      >
        Supplier Code of Conduct
      </styled.a>
    </styled.div>
  </styled.div>
  <styled.div>
    <styled.div>
      Authorised and regulated as an electronic money institution by the UK Financial Conduct Authority under number 900816.
    </styled.div>
    <styled.div>
      <a
        href="https://www.facebook.com/checkout/"
        rel="noopener noreferrer"
        target="_blank"
      >
        <Facebook />
      </a>
      <a
        href="https://twitter.com/checkout"
        rel="noopener noreferrer"
        target="_blank"
      >
        <Twitter />
      </a>
      <a
        href="https://www.instagram.com/checkout_com/"
        rel="noopener noreferrer"
        target="_blank"
      >
        <Instagram />
      </a>
      <a
        href="https://www.youtube.com/channel/UCC-VFhOEXmyaOekIOwZvxhg"
        rel="noopener noreferrer"
        target="_blank"
      >
        <YouTube />
      </a>
      <a
        href="https://www.glassdoor.co.uk/Overview/Working-at-Checkout-com-EI_IE837487.11,23.htm"
        rel="noopener noreferrer"
        target="_blank"
      >
        <Glassdoor />
      </a>
      <a
        href="https://www.checkout.com/blog"
        target="_blank"
      >
        <RSS />
      </a>
      <a
        href="https://www.linkedin.com/company/checkout/"
        rel="noopener noreferrer"
        target="_blank"
      >
        <LinkedIn />
      </a>
    </styled.div>
  </styled.div>
</styled.div>
`;
